../Core/Src/main.c:86:5:main	8	static
../Core/Src/main.c:139:6:SystemClock_Config	72	static
../Core/Src/main.c:175:13:MX_TIM2_Init	32	static
../Core/Src/main.c:219:13:MX_TIM3_Init	32	static
../Core/Src/main.c:264:13:MX_TIM4_Init	32	static
../Core/Src/main.c:309:13:MX_USART1_UART_Init	8	static
../Core/Src/main.c:342:13:MX_GPIO_Init	40	static
../Core/Src/main.c:407:6:HAL_TIM_PeriodElapsedCallback	16	static
../Core/Src/main.c:505:6:HAL_GPIO_EXTI_Callback	48	static
../Core/Src/main.c:551:6:set_leds	16	static
../Core/Src/main.c:568:6:Error_Handler	4	static,ignoring_inline_asm
